]0;~/Documents/RIP_teaching/instrument_calculator[?1034hClaires-MacBook-Pro:instrument_calculator clairebogdan$ [KClaires-MacBook-Pro:instrument_calculator clairebogdan$ git --version
xcrun: error: invalid active developer path (/Library/Developer/CommandLineTools), missing xcrun at: /Library/Developer/CommandLineTools/usr/bin/xcrun
]0;~/Documents/RIP_teaching/instrument_calculatorClaires-MacBook-Pro:instrument_calculator clairebogdan$ git --version
xcrun: error: invalid active developer path (/Library/Developer/CommandLineTools), missing xcrun at: /Library/Developer/CommandLineTools/usr/bin/xcrun
]0;~/Documents/RIP_teaching/instrument_calculatorClaires-MacBook-Pro:instrument_calculator clairebogdan$ git
xcrun: error: invalid active developer path (/Library/Developer/CommandLineTools), missing xcrun at: /Library/Developer/CommandLineTools/usr/bin/xcrun
]0;~/Documents/RIP_teaching/instrument_calculatorClaires-MacBook-Pro:instrument_calculator clairebogdan$ git =[K--version
xcrun: error: invalid active developer path (/Library/Developer/CommandLineTools), missing xcrun at: /Library/Developer/CommandLineTools/usr/bin/xcrun
]0;~/Documents/RIP_teaching/instrument_calculatorClaires-MacBook-Pro:instrument_calculator clairebogdan$ git --version
git version 2.17.2 (Apple Git-113)
]0;~/Documents/RIP_teaching/instrument_calculatorClaires-MacBook-Pro:instrument_calculator clairebogdan$ echo "# instrum ent_calculator" >> README.md
]0;~/Documents/RIP_teaching/instrument_calculatorClaires-MacBook-Pro:instrument_calculator clairebogdan$ git init
Initialized empty Git repository in /Users/clairebogdan/Documents/RIP_teaching/instrument_calculator/.git/
]0;~/Documents/RIP_teaching/instrument_calculatorClaires-MacBook-Pro:instrument_calculator clairebogdan$ git add README. md
]0;~/Documents/RIP_teaching/instrument_calculatorClaires-MacBook-Pro:instrument_calculator clairebogdan$ git commit -m " first commit"
[master (root-commit) dc4cd6e] first commit
 1 file changed, 1 insertion(+)
 create mode 100644 README.md
]0;~/Documents/RIP_teaching/instrument_calculatorClaires-MacBook-Pro:instrument_calculator clairebogdan$ git remote add  origin https://github.com/clairebogdan/instrument_calculator.git
]0;~/Documents/RIP_teaching/instrument_calculatorClaires-MacBook-Pro:instrument_calculator clairebogdan$ git push -u ori gin master
fatal: cannot run rpostback-askpass: No such file or directory
Username for 'https://github.com': clairebogdan
fatal: cannot run rpostback-askpass: No such file or directory
Password for 'https://clairebogdan@github.com': 
remote: Invalid username or password.
fatal: Authentication failed for 'https://github.com/clairebogdan/instrument_calculator.git/'
]0;~/Documents/RIP_teaching/instrument_calculatorClaires-MacBook-Pro:instrument_calculator clairebogdan$ 279[K[K[Kecho "# instrum ent_calculator" >> README.md
]0;~/Documents/RIP_teaching/instrument_calculatorClaires-MacBook-Pro:instrument_calculator clairebogdan$ git init
Reinitialized existing Git repository in /Users/clairebogdan/Documents/RIP_teaching/instrument_calculator/.git/
]0;~/Documents/RIP_teaching/instrument_calculatorClaires-MacBook-Pro:instrument_calculator clairebogdan$ git add README. md
]0;~/Documents/RIP_teaching/instrument_calculatorClaires-MacBook-Pro:instrument_calculator clairebogdan$ git commit -m " first commit"
[master aea37be] first commit
 1 file changed, 1 insertion(+)
]0;~/Documents/RIP_teaching/instrument_calculatorClaires-MacBook-Pro:instrument_calculator clairebogdan$ git remote add  origin https://github.com/clairebogdan/instrument_calculator.git
fatal: remote origin already exists.
]0;~/Documents/RIP_teaching/instrument_calculatorClaires-MacBook-Pro:instrument_calculator clairebogdan$ git push -u ori gin master
fatal: cannot run rpostback-askpass: No such file or directory
Username for 'https://github.com': clairem bogdan
fatal: cannot run rpostback-askpass: No such file or directory
Password for 'https://clairebogdan@github.com': 
Counting objects: 6, done.
Delta compression using up to 4 threads.
Compressing objects:  50% (1/2)   Compressing objects: 100% (2/2)   Compressing objects: 100% (2/2), done.
Writing objects:  16% (1/6)   Writing objects:  33% (2/6)   Writing objects:  50% (3/6)   Writing objects:  66% (4/6)   Writing objects:  83% (5/6)   Writing objects: 100% (6/6)   Writing objects: 100% (6/6), 469 bytes | 469.00 KiB/s, done.
Total 6 (delta 0), reused 0 (delta 0)
remote: 
remote: Create a pull request for 'master' on GitHub by visiting:[K
remote:      https://github.com/clairebogdan/instrument_calculator/pull/new/master[K
remote: 
To https://github.com/clairebogdan/instrument_calculator.git
 * [new branch]      master -> master
Branch 'master' set up to track remote branch 'master' from 'origin'.
]0;~/Documents/RIP_teaching/instrument_calculatorClaires-MacBook-Pro:instrument_calculator clairebogdan$ git status
On branch master
Your branch is up to date with 'origin/master'.

Untracked files:
  (use "git add <file>..." to include in what will be committed)

	[31m.Rproj.user/[m
	[31minstrument_calculator.R[m
	[31minstrument_calculator.Rproj[m

nothing added to commit but untracked files present (use "git add" to track)
]0;~/Documents/RIP_teaching/instrument_calculatorClaires-MacBook-Pro:instrument_calculator clairebogdan$ git add -A
]0;~/Documents/RIP_teaching/instrument_calculatorClaires-MacBook-Pro:instrument_calculator clairebogdan$ git status
On branch master
Your branch is up to date with 'origin/master'.

Changes to be committed:
  (use "git reset HEAD <file>..." to unstage)

	[32mnew file:   .Rproj.user/F3E1D2C2/console06/FF8EC760[m
	[32mnew file:   .Rproj.user/F3E1D2C2/console06/FF8EC760.env[m
	[32mnew file:   .Rproj.user/F3E1D2C2/console06/INDEX001[m
	[32mnew file:   .Rproj.user/F3E1D2C2/sources/prop/E2E62C4F[m
	[32mnew file:   .Rproj.user/F3E1D2C2/sources/prop/INDEX[m
	[32mnew file:   .Rproj.user/F3E1D2C2/sources/s-DB2D4913/3EC57277[m
	[32mnew file:   .Rproj.user/F3E1D2C2/sources/s-DB2D4913/3EC57277-contents[m
	[32mnew file:   .Rproj.user/F3E1D2C2/sources/s-DB2D4913/lock_file[m
	[32mnew file:   .Rproj.user/shared/notebooks/patch-chunk-names[m
	[32mnew file:   .Rproj.user/shared/notebooks/paths[m
	[32mnew file:   instrument_calculator.R[m
	[32mnew file:   instrument_calculator.Rproj[m

Changes not staged for commit:
  (use "git add <file>..." to update what will be committed)
  (use "git checkout -- <file>..." to discard changes in working directory)

	[31mmodified:   .Rproj.user/F3E1D2C2/console06/FF8EC760[m

]0;~/Documents/RIP_teaching/instrument_calculatorClaires-MacBook-Pro:instrument_calculator clairebogdan$ gi5[Kt commir[Kr[Kt
hint: Waiting for your editor to close the file... [?2004h[K[master c526935] first commit
 12 files changed, 154 insertions(+)
 create mode 100644 .Rproj.user/F3E1D2C2/console06/FF8EC760
 create mode 100644 .Rproj.user/F3E1D2C2/console06/FF8EC760.env
 create mode 100644 .Rproj.user/F3E1D2C2/console06/INDEX001
 create mode 100644 .Rproj.user/F3E1D2C2/sources/prop/E2E62C4F
 create mode 100644 .Rproj.user/F3E1D2C2/sources/prop/INDEX
 create mode 100644 .Rproj.user/F3E1D2C2/sources/s-DB2D4913/3EC57277
 create mode 100644 .Rproj.user/F3E1D2C2/sources/s-DB2D4913/3EC57277-contents
 create mode 100644 .Rproj.user/F3E1D2C2/sources/s-DB2D4913/lock_file
 create mode 100644 .Rproj.user/shared/notebooks/patch-chunk-names
 create mode 100644 .Rproj.user/shared/notebooks/paths
 create mode 100644 instrument_calculator.R
 create mode 100644 instrument_calculator.Rproj
]0;~/Documents/RIP_teaching/instrument_calculatorClaires-MacBook-Pro:instrument_calculator clairebogdan$ git o[Kco[K[K[K[K[K[Kgit commit
On branch master
Your branch is ahead of 'origin/master' by 1 commit.
  (use "git push" to publish your local commits)

Changes not staged for commit:
	[31mmodified:   .Rproj.user/F3E1D2C2/console06/FF8EC760[m
	[31mmodified:   .Rproj.user/F3E1D2C2/console06/INDEX001[m
	[31mdeleted:    .Rproj.user/F3E1D2C2/sources/s-DB2D4913/3EC57277[m

no changes added to commit
]0;~/Documents/RIP_teaching/instrument_calculatorClaires-MacBook-Pro:instrument_calculator clairebogdan$ git push
Counting objects: 20, done.
Delta compression using up to 4 threads.
Compressing objects:   5% (1/17)   Compressing objects:  11% (2/17)   Compressing objects:  17% (3/17)   Compressing objects:  23% (4/17)   Compressing objects:  29% (5/17)   Compressing objects:  35% (6/17)   Compressing objects:  41% (7/17)   Compressing objects:  47% (8/17)   Compressing objects:  52% (9/17)   Compressing objects:  58% (10/17)   Compressing objects:  64% (11/17)   Compressing objects:  70% (12/17)   Compressing objects:  76% (13/17)   Compressing objects:  82% (14/17)   Compressing objects:  88% (15/17)   Compressing objects:  94% (16/17)   Compressing objects: 100% (17/17)   Compressing objects: 100% (17/17), done.
Writing objects:   5% (1/20)   Writing objects:  10% (2/20)   Writing objects:  15% (3/20)   Writing objects:  20% (4/20)   Writing objects:  25% (5/20)   Writing objects:  30% (6/20)   Writing objects:  35% (7/20)   Writing objects:  40% (8/20)   Writing objects:  45% (9/20)   Writing objects:  50% (10/20)   Writing objects:  55% (11/20)   Writing objects:  60% (12/20)   Writing objects:  65% (13/20)   Writing objects:  70% (14/20)   Writing objects:  75% (15/20)   Writing objects:  80% (16/20)   Writing objects:  85% (17/20)   Writing objects:  90% (18/20)   Writing objects:  95% (19/20)   Writing objects: 100% (20/20)   Writing objects: 100% (20/20), 4.16 KiB | 1.38 MiB/s, done.
Total 20 (delta 0), reused 0 (delta 0)
To https://github.com/clairebogdan/instrument_calculator.git
   aea37be..c526935  master -> master
]0;~/Documents/RIP_teaching/instrument_calculatorClaires-MacBook-Pro:instrument_calculator clairebogdan$ [KClaires-MacBook-Pro:instrument_calculator clairebogdan$ git ata[K[K[Kstatus
On branch master
Your branch is up to date with 'origin/master'.

Changes not staged for commit:
  (use "git add/rm <file>..." to update what will be committed)
  (use "git checkout -- <file>..." to discard changes in working directory)

	[31mmodified:   .Rproj.user/F3E1D2C2/console06/FF8EC760[m
	[31mmodified:   .Rproj.user/F3E1D2C2/sources/prop/E2E62C4F[m
	[31mdeleted:    .Rproj.user/F3E1D2C2/sources/s-DB2D4913/3EC57277[m
	[31mmodified:   instrument_calculator.R[m

Untracked files:
  (use "git add <file>..." to include in what will be committed)

	[31m.Rproj.user/F3E1D2C2/sources/s-DB2D4913/8B5DD2B3[m
	[31m.Rproj.user/F3E1D2C2/sources/s-DB2D4913/8B5DD2B3-contents[m
	[31m.Rproj.user/F3E1D2C2/sources/s-DB2D4913/C4EBD6C0[m
	[31m.Rproj.user/F3E1D2C2/sources/s-DB2D4913/C4EBD6C0-contents[m

no changes added to commit (use "git add" and/or "git commit -a")
]0;~/Documents/RIP_teaching/instrument_calculatorClaires-MacBook-Pro:instrument_calculator clairebogdan$ git add -A
]0;~/Documents/RIP_teaching/instrument_calculatorClaires-MacBook-Pro:instrument_calculator clairebogdan$ sit status
bash: sit: command not found
]0;~/Documents/RIP_teaching/instrument_calculatorClaires-MacBook-Pro:instrument_calculator clairebogdan$ sit status[1P[1@g
On branch master
Your branch is up to date with 'origin/master'.

Changes to be committed:
  (use "git reset HEAD <file>..." to unstage)

	[32mmodified:   .Rproj.user/F3E1D2C2/console06/FF8EC760[m
	[32mmodified:   .Rproj.user/F3E1D2C2/sources/prop/E2E62C4F[m
	[32mnew file:   .Rproj.user/F3E1D2C2/sources/s-DB2D4913/8B5DD2B3[m
	[32mnew file:   .Rproj.user/F3E1D2C2/sources/s-DB2D4913/8B5DD2B3-contents[m
	[32mrenamed:    .Rproj.user/F3E1D2C2/sources/s-DB2D4913/3EC57277 -> .Rproj.user/F3E1D2C2/sources/s-DB2D4913/C4EBD6C0[m
	[32mnew file:   .Rproj.user/F3E1D2C2/sources/s-DB2D4913/C4EBD6C0-contents[m
	[32mmodified:   instrument_calculator.R[m

Changes not staged for commit:
  (use "git add <file>..." to update what will be committed)
  (use "git checkout -- <file>..." to discard changes in working directory)

	[31mmodified:   .Rproj.user/F3E1D2C2/console06/FF8EC760[m

]0;~/Documents/RIP_teaching/instrument_calculatorClaires-MacBook-Pro:instrument_calculator clairebogdan$ git commit -m " 2nd commit"
[master e346b2d] 2nd commit
 7 files changed, 158 insertions(+), 10 deletions(-)
 create mode 100644 .Rproj.user/F3E1D2C2/sources/s-DB2D4913/8B5DD2B3
 create mode 100644 .Rproj.user/F3E1D2C2/sources/s-DB2D4913/8B5DD2B3-contents
 rename .Rproj.user/F3E1D2C2/sources/s-DB2D4913/{3EC57277 => C4EBD6C0} (60%)
 create mode 100644 .Rproj.user/F3E1D2C2/sources/s-DB2D4913/C4EBD6C0-contents
]0;~/Documents/RIP_teaching/instrument_calculatorClaires-MacBook-Pro:instrument_calculator clairebogdan$ git push
Counting objects: 13, done.
Delta compression using up to 4 threads.
Compressing objects:   7% (1/13)   Compressing objects:  15% (2/13)   Compressing objects:  23% (3/13)   Compressing objects:  30% (4/13)   Compressing objects:  38% (5/13)   Compressing objects:  46% (6/13)   Compressing objects:  53% (7/13)   Compressing objects:  61% (8/13)   Compressing objects:  69% (9/13)   Compressing objects:  76% (10/13)   Compressing objects:  84% (11/13)   Compressing objects:  92% (12/13)   Compressing objects: 100% (13/13)   Compressing objects: 100% (13/13), done.
Writing objects:   7% (1/13)   Writing objects:  15% (2/13)   Writing objects:  23% (3/13)   Writing objects:  30% (4/13)   Writing objects:  38% (5/13)   Writing objects:  46% (6/13)   Writing objects:  53% (7/13)   Writing objects:  61% (8/13)   Writing objects:  69% (9/13)   Writing objects:  76% (10/13)   Writing objects:  84% (11/13)   Writing objects:  92% (12/13)   Writing objects: 100% (13/13)   Writing objects: 100% (13/13), 3.63 KiB | 3.63 MiB/s, done.
Total 13 (delta 0), reused 0 (delta 0)
To https://github.com/clairebogdan/instrument_calculator.git
   c526935..e346b2d  master -> master
]0;~/Documents/RIP_teaching/instrument_calculatorClaires-MacBook-Pro:instrument_calculator clairebogdan$ [KClaires-MacBook-Pro:instrument_calculator clairebogdan$ git status
On branch master
Your branch is up to date with 'origin/master'.

Changes not staged for commit:
  (use "git add <file>..." to update what will be committed)
  (use "git checkout -- <file>..." to discard changes in working directory)

	[31mmodified:   .Rproj.user/F3E1D2C2/console06/FF8EC760[m
	[31mmodified:   .Rproj.user/F3E1D2C2/console06/INDEX001[m
	[31mmodified:   .Rproj.user/F3E1D2C2/sources/prop/E2E62C4F[m
	[31mmodified:   .Rproj.user/F3E1D2C2/sources/s-DB2D4913/C4EBD6C0[m
	[31mmodified:   .Rproj.user/F3E1D2C2/sources/s-DB2D4913/C4EBD6C0-contents[m
	[31mmodified:   instrument_calculator.R[m

no changes added to commit (use "git add" and/or "git commit -a")
]0;~/Documents/RIP_teaching/instrument_calculatorClaires-MacBook-Pro:instrument_calculator clairebogdan$ gi [Kt add -![KA
]0;~/Documents/RIP_teaching/instrument_calculatorClaires-MacBook-Pro:instrument_calculator clairebogdan$ git status
On branch master
Your branch is up to date with 'origin/master'.

Changes to be committed:
  (use "git reset HEAD <file>..." to unstage)

	[32mmodified:   .Rproj.user/F3E1D2C2/console06/FF8EC760[m
	[32mmodified:   .Rproj.user/F3E1D2C2/console06/INDEX001[m
	[32mmodified:   .Rproj.user/F3E1D2C2/sources/prop/E2E62C4F[m
	[32mmodified:   .Rproj.user/F3E1D2C2/sources/s-DB2D4913/C4EBD6C0[m
	[32mmodified:   .Rproj.user/F3E1D2C2/sources/s-DB2D4913/C4EBD6C0-contents[m
	[32mmodified:   instrument_calculator.R[m

Changes not staged for commit:
  (use "git add <file>..." to update what will be committed)
  (use "git checkout -- <file>..." to discard changes in working directory)

	[31mmodified:   .Rproj.user/F3E1D2C2/console06/FF8EC760[m

]0;~/Documents/RIP_teaching/instrument_calculatorClaires-MacBook-Pro:instrument_calculator clairebogdan$ git om[K[Kcommit -m " [A[C[C[C[C[C[C[C[C[C[C[C[C[C[C[C[C[C[C[C[C[C[C[C[C[C[C[C[C[C[C[C[C[C[C[C[C[C[C[C[C[C[C[C[C[C[C[C[C[C[C[C[C[C[C[C[C[C[C[C[C[C[C[C[C[C[C[C[C[C[C[K
[K[A[C[C[C[C[C[C[C[C[C[C[C[C[C[C[C[C[C[C[C[C[C[C[C[C[C[C[C[C[C[C[C[C[C[C[C[C[C[C[C[C[C[C[C[C[C[C[C[C[C[C[C[C[C[C[C[C[C[C[C[C[C[C[C[C[C[C[C[C[C[C" third commit"
[master 2538d0f] third commit
 6 files changed, 102 insertions(+), 13 deletions(-)
]0;~/Documents/RIP_teaching/instrument_calculatorClaires-MacBook-Pro:instrument_calculator clairebogdan$ git push
Counting objects: 13, done.
Delta compression using up to 4 threads.
Compressing objects:   7% (1/13)   Compressing objects:  15% (2/13)   Compressing objects:  23% (3/13)   Compressing objects:  30% (4/13)   Compressing objects:  38% (5/13)   Compressing objects:  46% (6/13)   Compressing objects:  53% (7/13)   Compressing objects:  61% (8/13)   Compressing objects:  69% (9/13)   Compressing objects:  76% (10/13)   Compressing objects:  84% (11/13)   Compressing objects:  92% (12/13)   Compressing objects: 100% (13/13)   Compressing objects: 100% (13/13), done.
Writing objects:   7% (1/13)   Writing objects:  15% (2/13)   Writing objects:  23% (3/13)   Writing objects:  30% (4/13)   Writing objects:  38% (5/13)   Writing objects:  46% (6/13)   Writing objects:  53% (7/13)   Writing objects:  61% (8/13)   Writing objects:  69% (9/13)   Writing objects:  76% (10/13)   Writing objects:  84% (11/13)   Writing objects:  92% (12/13)   Writing objects: 100% (13/13)   Writing objects: 100% (13/13), 2.06 KiB | 2.06 MiB/s, done.
Total 13 (delta 4), reused 0 (delta 0)
remote: Resolving deltas:   0% (0/4)   [Kremote: Resolving deltas:  25% (1/4)   [Kremote: Resolving deltas:  50% (2/4)   [Kremote: Resolving deltas:  75% (3/4)   [Kremote: Resolving deltas: 100% (4/4)   [Kremote: Resolving deltas: 100% (4/4), completed with 4 local objects.[K
To https://github.com/clairebogdan/instrument_calculator.git
   e346b2d..2538d0f  master -> master
]0;~/Documents/RIP_teaching/instrument_calculatorClaires-MacBook-Pro:instrument_calculator clairebogdan$ [KClaires-MacBook-Pro:instrument_calculator clairebogdan$ i[Kgit status
On branch master
Your branch is up to date with 'origin/master'.

Changes not staged for commit:
  (use "git add <file>..." to update what will be committed)
  (use "git checkout -- <file>..." to discard changes in working directory)

	[31mmodified:   .Rproj.user/F3E1D2C2/console06/FF8EC760[m
	[31mmodified:   .Rproj.user/F3E1D2C2/console06/INDEX001[m
	[31mmodified:   .Rproj.user/F3E1D2C2/sources/prop/E2E62C4F[m
	[31mmodified:   .Rproj.user/F3E1D2C2/sources/prop/INDEX[m
	[31mmodified:   .Rproj.user/F3E1D2C2/sources/s-DB2D4913/C4EBD6C0[m

Untracked files:
  (use "git add <file>..." to include in what will be committed)

	[31m.Rproj.user/F3E1D2C2/sources/prop/530FF301[m
	[31m.Rproj.user/F3E1D2C2/sources/s-DB2D4913/1AAD71BE[m
	[31m.Rproj.user/F3E1D2C2/sources/s-DB2D4913/1AAD71BE-contents[m
	[31minstrument_calculator/[m

no changes added to commit (use "git add" and/or "git commit -a")
]0;~/Documents/RIP_teaching/instrument_calculatorClaires-MacBook-Pro:instrument_calculator clairebogdan$ git add -A
]0;~/Documents/RIP_teaching/instrument_calculatorClaires-MacBook-Pro:instrument_calculator clairebogdan$ git status
On branch master
Your branch is up to date with 'origin/master'.

Changes to be committed:
  (use "git reset HEAD <file>..." to unstage)

	[32mmodified:   .Rproj.user/F3E1D2C2/console06/FF8EC760[m
	[32mmodified:   .Rproj.user/F3E1D2C2/console06/INDEX001[m
	[32mnew file:   .Rproj.user/F3E1D2C2/sources/prop/530FF301[m
	[32mmodified:   .Rproj.user/F3E1D2C2/sources/prop/E2E62C4F[m
	[32mmodified:   .Rproj.user/F3E1D2C2/sources/prop/INDEX[m
	[32mnew file:   .Rproj.user/F3E1D2C2/sources/s-DB2D4913/1AAD71BE[m
	[32mnew file:   .Rproj.user/F3E1D2C2/sources/s-DB2D4913/1AAD71BE-contents[m
	[32mmodified:   .Rproj.user/F3E1D2C2/sources/s-DB2D4913/C4EBD6C0[m
	[32mnew file:   instrument_calculator/app.R[m
	[32mnew file:   instrument_calculator/rsconnect/shinyapps.io/clairebogdan/instrument_calculator.dcf[m

Changes not staged for commit:
  (use "git add <file>..." to update what will be committed)
  (use "git checkout -- <file>..." to discard changes in working directory)

	[31mmodified:   .Rproj.user/F3E1D2C2/console06/FF8EC760[m

]0;~/Documents/RIP_teaching/instrument_calculatorClaires-MacBook-Pro:instrument_calculator clairebogdan$ git commit -m " fourth commit"
[master 8b2ea57] fourth commit
 10 files changed, 263 insertions(+), 7 deletions(-)
 create mode 100644 .Rproj.user/F3E1D2C2/sources/prop/530FF301
 create mode 100644 .Rproj.user/F3E1D2C2/sources/s-DB2D4913/1AAD71BE
 create mode 100644 .Rproj.user/F3E1D2C2/sources/s-DB2D4913/1AAD71BE-contents
 create mode 100644 instrument_calculator/app.R
 create mode 100644 instrument_calculator/rsconnect/shinyapps.io/clairebogdan/instrument_calculator.dcf
]0;~/Documents/RIP_teaching/instrument_calculatorClaires-MacBook-Pro:instrument_calculator clairebogdan$ git push
Counting objects: 21, done.
Delta compression using up to 4 threads.
Compressing objects:   5% (1/19)   Compressing objects:  10% (2/19)   Compressing objects:  15% (3/19)   Compressing objects:  21% (4/19)   Compressing objects:  26% (5/19)   Compressing objects:  31% (6/19)   Compressing objects:  36% (7/19)   Compressing objects:  42% (8/19)   Compressing objects:  47% (9/19)   Compressing objects:  52% (10/19)   Compressing objects:  57% (11/19)   Compressing objects:  63% (12/19)   Compressing objects:  68% (13/19)   Compressing objects:  73% (14/19)   Compressing objects:  78% (15/19)   Compressing objects:  84% (16/19)   Compressing objects:  89% (17/19)   Compressing objects:  94% (18/19)   Compressing objects: 100% (19/19)   Compressing objects: 100% (19/19), done.
Writing objects:   4% (1/21)   Writing objects:   9% (2/21)   Writing objects:  14% (3/21)   Writing objects:  19% (4/21)   Writing objects:  23% (5/21)   Writing objects:  28% (6/21)   Writing objects:  33% (7/21)   Writing objects:  38% (8/21)   Writing objects:  42% (9/21)   Writing objects:  47% (10/21)   Writing objects:  52% (11/21)   Writing objects:  57% (12/21)   Writing objects:  61% (13/21)   Writing objects:  66% (14/21)   Writing objects:  71% (15/21)   Writing objects:  76% (16/21)   Writing objects:  80% (17/21)   Writing objects:  85% (18/21)   Writing objects:  90% (19/21)   Writing objects:  95% (20/21)   Writing objects: 100% (21/21)   Writing objects: 100% (21/21), 3.30 KiB | 1.65 MiB/s, done.
Total 21 (delta 5), reused 0 (delta 0)
remote: Resolving deltas:   0% (0/5)   [Kremote: Resolving deltas:  20% (1/5)   [Kremote: Resolving deltas:  40% (2/5)   [Kremote: Resolving deltas:  60% (3/5)   [Kremote: Resolving deltas:  80% (4/5)   [Kremote: Resolving deltas: 100% (5/5)   [Kremote: Resolving deltas: 100% (5/5), completed with 5 local objects.[K
To https://github.com/clairebogdan/instrument_calculator.git
   2538d0f..8b2ea57  master -> master
]0;~/Documents/RIP_teaching/instrument_calculatorClaires-MacBook-Pro:instrument_calculator clairebogdan$ git status
On branch master
Your branch is up to date with 'origin/master'.

Changes not staged for commit:
  (use "git add <file>..." to update what will be committed)
  (use "git checkout -- <file>..." to discard changes in working directory)

	[31mmodified:   .Rproj.user/F3E1D2C2/console06/FF8EC760[m
	[31mmodified:   .Rproj.user/F3E1D2C2/sources/prop/530FF301[m
	[31mmodified:   .Rproj.user/F3E1D2C2/sources/prop/E2E62C4F[m
	[31mmodified:   .Rproj.user/F3E1D2C2/sources/s-DB2D4913/1AAD71BE[m
	[31mmodified:   .Rproj.user/F3E1D2C2/sources/s-DB2D4913/1AAD71BE-contents[m
	[31mmodified:   .Rproj.user/F3E1D2C2/sources/s-DB2D4913/C4EBD6C0[m
	[31mmodified:   instrument_calculator/app.R[m
	[31mmodified:   instrument_calculator/rsconnect/shinyapps.io/clairebogdan/instrument_calculator.dcf[m

no changes added to commit (use "git add" and/or "git commit -a")
]0;~/Documents/RIP_teaching/instrument_calculatorClaires-MacBook-Pro:instrument_calculator clairebogdan$ git add -A
